---
source: crates/term-wm-crossterm-adapter/src/lib.rs
expression: result
---
Some(
    Key(
        KeyEvent {
            code: Right,
            modifiers: KeyModifiers {
                shift: false,
                control: false,
                alt: false,
            },
            kind: Press,
        },
    ),
)
